// Jest Snapshot v1, https://goo.gl/fbAQLP

exports[`Tools View renders default 1`] = `
<ul
  className="css-106gbz6"
>
  <li
    className="css-xkmlii active"
    data-tool="select"
    onClick={[Function]}
  >
    <img
      className="css-1ewz7j9-Icon"
      src="https://deliverytestdata.blob.core.windows.net/deliverytest/cursor.svg"
    />
  </li>
  <li
    className="css-xkmlii"
    data-tool="edit"
    onClick={[Function]}
  >
    <img
      className="css-1ewz7j9-Icon"
      src="https://deliverytestdata.blob.core.windows.net/deliverytest/pluma.svg"
    />
  </li>
  <li
    className="css-xkmlii"
    data-tool="measure"
    onClick={[Function]}
  >
    <img
      className="css-1ewz7j9-Icon"
      src="https://deliverytestdata.blob.core.windows.net/deliverytest/measure.svg"
    />
  </li>
</ul>
`;

exports[`Tools View selects another item and calls a callback function 1`] = `
<ul
  className="css-106gbz6"
>
  <li
    className="css-xkmlii"
    data-tool="select"
    onClick={[Function]}
  >
    <img
      className="css-1ewz7j9-Icon"
      src="https://deliverytestdata.blob.core.windows.net/deliverytest/cursor.svg"
    />
  </li>
  <li
    className="css-xkmlii active"
    data-tool="edit"
    onClick={[Function]}
  >
    <img
      className="css-1ewz7j9-Icon"
      src="https://deliverytestdata.blob.core.windows.net/deliverytest/pluma.svg"
    />
  </li>
  <li
    className="css-xkmlii"
    data-tool="measure"
    onClick={[Function]}
  >
    <img
      className="css-1ewz7j9-Icon"
      src="https://deliverytestdata.blob.core.windows.net/deliverytest/measure.svg"
    />
  </li>
</ul>
`;
