// Jest Snapshot v1, https://goo.gl/fbAQLP

exports[`Button Renders with text 1`] = `
.emotion-0 {
  border: 1px solid #eee;
  border-radius: 3px;
  background-color: white;
  cursor: pointer;
  font-size: 15px;
  padding: 3px 10px;
  margin: 10px;
}

<div>
  <div />
  <button
    class="emotion-0"
  >
    My Button
  </button>
  <div>
    subTitle
  </div>
</div>
`;
