// Jest Snapshot v1, https://goo.gl/fbAQLP

exports[`Tools View calls the callback function 1`] = `
<ul
  className="css-106gbz6"
>
  <li
    className="css-xkmlii active"
    data-tool="select"
    onClick={[Function]}
  >
    <img
      className="css-1ewz7j9-Icon"
      src="https://deliverytestdata.blob.core.windows.net/deliverytest/cursor.svg"
    />
  </li>
  <li
    className="css-xkmlii"
    data-tool="edit"
    onClick={[Function]}
  >
    <img
      className="css-1ewz7j9-Icon"
      src="https://deliverytestdata.blob.core.windows.net/deliverytest/pluma.svg"
    />
  </li>
  <li
    className="css-xkmlii"
    data-tool="measure"
    onClick={[Function]}
  >
    <img
      className="css-1ewz7j9-Icon"
      src="https://deliverytestdata.blob.core.windows.net/deliverytest/measure.svg"
    />
  </li>
</ul>
`;

exports[`Tools View renders default 1`] = `
<ul
  className="css-106gbz6"
>
  <li
    className="css-xkmlii active"
    data-tool="select"
    onClick={[Function]}
  >
    <img
      className="css-1ewz7j9-Icon"
      src="https://deliverytestdata.blob.core.windows.net/deliverytest/cursor.svg"
    />
  </li>
  <li
    className="css-xkmlii"
    data-tool="edit"
    onClick={[Function]}
  >
    <img
      className="css-1ewz7j9-Icon"
      src="https://deliverytestdata.blob.core.windows.net/deliverytest/pluma.svg"
    />
  </li>
  <li
    className="css-xkmlii"
    data-tool="measure"
    onClick={[Function]}
  >
    <img
      className="css-1ewz7j9-Icon"
      src="https://deliverytestdata.blob.core.windows.net/deliverytest/measure.svg"
    />
  </li>
</ul>
`;

exports[`Tools View selects another item 1`] = `
<ul
  className="css-106gbz6"
>
  <li
    className="css-xkmlii"
    data-tool="select"
    onClick={[Function]}
  >
    <img
      className="css-1ewz7j9-Icon"
      src="https://deliverytestdata.blob.core.windows.net/deliverytest/cursor.svg"
    />
  </li>
  <li
    className="css-xkmlii active"
    data-tool="edit"
    onClick={[Function]}
  >
    <img
      className="css-1ewz7j9-Icon"
      src="https://deliverytestdata.blob.core.windows.net/deliverytest/pluma.svg"
    />
  </li>
  <li
    className="css-xkmlii"
    data-tool="measure"
    onClick={[Function]}
  >
    <img
      className="css-1ewz7j9-Icon"
      src="https://deliverytestdata.blob.core.windows.net/deliverytest/measure.svg"
    />
  </li>
</ul>
`;

exports[`Tools View selects another item a 1`] = `
<ul
  className="css-106gbz6"
>
  <li
    className="css-xkmlii"
    data-tool="select"
    onClick={[Function]}
  >
    <img
      className="css-1ewz7j9-Icon"
      src="https://deliverytestdata.blob.core.windows.net/deliverytest/cursor.svg"
    />
  </li>
  <li
    className="css-xkmlii active"
    data-tool="edit"
    onClick={[Function]}
  >
    <img
      className="css-1ewz7j9-Icon"
      src="https://deliverytestdata.blob.core.windows.net/deliverytest/pluma.svg"
    />
  </li>
  <li
    className="css-xkmlii"
    data-tool="measure"
    onClick={[Function]}
  >
    <img
      className="css-1ewz7j9-Icon"
      src="https://deliverytestdata.blob.core.windows.net/deliverytest/measure.svg"
    />
  </li>
</ul>
`;

exports[`Tools View selects another item and  1`] = `
<ul
  className="css-106gbz6"
>
  <li
    className="css-xkmlii"
    data-tool="select"
    onClick={[Function]}
  >
    <img
      className="css-1ewz7j9-Icon"
      src="https://deliverytestdata.blob.core.windows.net/deliverytest/cursor.svg"
    />
  </li>
  <li
    className="css-xkmlii active"
    data-tool="edit"
    onClick={[Function]}
  >
    <img
      className="css-1ewz7j9-Icon"
      src="https://deliverytestdata.blob.core.windows.net/deliverytest/pluma.svg"
    />
  </li>
  <li
    className="css-xkmlii"
    data-tool="measure"
    onClick={[Function]}
  >
    <img
      className="css-1ewz7j9-Icon"
      src="https://deliverytestdata.blob.core.windows.net/deliverytest/measure.svg"
    />
  </li>
</ul>
`;

exports[`Tools View selects another item and 1`] = `
<ul
  className="css-106gbz6"
>
  <li
    className="css-xkmlii"
    data-tool="select"
    onClick={[Function]}
  >
    <img
      className="css-1ewz7j9-Icon"
      src="https://deliverytestdata.blob.core.windows.net/deliverytest/cursor.svg"
    />
  </li>
  <li
    className="css-xkmlii active"
    data-tool="edit"
    onClick={[Function]}
  >
    <img
      className="css-1ewz7j9-Icon"
      src="https://deliverytestdata.blob.core.windows.net/deliverytest/pluma.svg"
    />
  </li>
  <li
    className="css-xkmlii"
    data-tool="measure"
    onClick={[Function]}
  >
    <img
      className="css-1ewz7j9-Icon"
      src="https://deliverytestdata.blob.core.windows.net/deliverytest/measure.svg"
    />
  </li>
</ul>
`;

exports[`Tools View selects another item and ca 1`] = `
<ul
  className="css-106gbz6"
>
  <li
    className="css-xkmlii"
    data-tool="select"
    onClick={[Function]}
  >
    <img
      className="css-1ewz7j9-Icon"
      src="https://deliverytestdata.blob.core.windows.net/deliverytest/cursor.svg"
    />
  </li>
  <li
    className="css-xkmlii active"
    data-tool="edit"
    onClick={[Function]}
  >
    <img
      className="css-1ewz7j9-Icon"
      src="https://deliverytestdata.blob.core.windows.net/deliverytest/pluma.svg"
    />
  </li>
  <li
    className="css-xkmlii"
    data-tool="measure"
    onClick={[Function]}
  >
    <img
      className="css-1ewz7j9-Icon"
      src="https://deliverytestdata.blob.core.windows.net/deliverytest/measure.svg"
    />
  </li>
</ul>
`;

exports[`Tools View selects another item and cal 1`] = `
<ul
  className="css-106gbz6"
>
  <li
    className="css-xkmlii"
    data-tool="select"
    onClick={[Function]}
  >
    <img
      className="css-1ewz7j9-Icon"
      src="https://deliverytestdata.blob.core.windows.net/deliverytest/cursor.svg"
    />
  </li>
  <li
    className="css-xkmlii active"
    data-tool="edit"
    onClick={[Function]}
  >
    <img
      className="css-1ewz7j9-Icon"
      src="https://deliverytestdata.blob.core.windows.net/deliverytest/pluma.svg"
    />
  </li>
  <li
    className="css-xkmlii"
    data-tool="measure"
    onClick={[Function]}
  >
    <img
      className="css-1ewz7j9-Icon"
      src="https://deliverytestdata.blob.core.windows.net/deliverytest/measure.svg"
    />
  </li>
</ul>
`;

exports[`Tools View selects another item and call 1`] = `
<ul
  className="css-106gbz6"
>
  <li
    className="css-xkmlii"
    data-tool="select"
    onClick={[Function]}
  >
    <img
      className="css-1ewz7j9-Icon"
      src="https://deliverytestdata.blob.core.windows.net/deliverytest/cursor.svg"
    />
  </li>
  <li
    className="css-xkmlii active"
    data-tool="edit"
    onClick={[Function]}
  >
    <img
      className="css-1ewz7j9-Icon"
      src="https://deliverytestdata.blob.core.windows.net/deliverytest/pluma.svg"
    />
  </li>
  <li
    className="css-xkmlii"
    data-tool="measure"
    onClick={[Function]}
  >
    <img
      className="css-1ewz7j9-Icon"
      src="https://deliverytestdata.blob.core.windows.net/deliverytest/measure.svg"
    />
  </li>
</ul>
`;

exports[`Tools View selects another item and calls  1`] = `
<ul
  className="css-106gbz6"
>
  <li
    className="css-xkmlii"
    data-tool="select"
    onClick={[Function]}
  >
    <img
      className="css-1ewz7j9-Icon"
      src="https://deliverytestdata.blob.core.windows.net/deliverytest/cursor.svg"
    />
  </li>
  <li
    className="css-xkmlii active"
    data-tool="edit"
    onClick={[Function]}
  >
    <img
      className="css-1ewz7j9-Icon"
      src="https://deliverytestdata.blob.core.windows.net/deliverytest/pluma.svg"
    />
  </li>
  <li
    className="css-xkmlii"
    data-tool="measure"
    onClick={[Function]}
  >
    <img
      className="css-1ewz7j9-Icon"
      src="https://deliverytestdata.blob.core.windows.net/deliverytest/measure.svg"
    />
  </li>
</ul>
`;

exports[`Tools View selects another item and calls a  1`] = `
<ul
  className="css-106gbz6"
>
  <li
    className="css-xkmlii"
    data-tool="select"
    onClick={[Function]}
  >
    <img
      className="css-1ewz7j9-Icon"
      src="https://deliverytestdata.blob.core.windows.net/deliverytest/cursor.svg"
    />
  </li>
  <li
    className="css-xkmlii active"
    data-tool="edit"
    onClick={[Function]}
  >
    <img
      className="css-1ewz7j9-Icon"
      src="https://deliverytestdata.blob.core.windows.net/deliverytest/pluma.svg"
    />
  </li>
  <li
    className="css-xkmlii"
    data-tool="measure"
    onClick={[Function]}
  >
    <img
      className="css-1ewz7j9-Icon"
      src="https://deliverytestdata.blob.core.windows.net/deliverytest/measure.svg"
    />
  </li>
</ul>
`;

exports[`Tools View selects another item and calls a c 1`] = `
<ul
  className="css-106gbz6"
>
  <li
    className="css-xkmlii"
    data-tool="select"
    onClick={[Function]}
  >
    <img
      className="css-1ewz7j9-Icon"
      src="https://deliverytestdata.blob.core.windows.net/deliverytest/cursor.svg"
    />
  </li>
  <li
    className="css-xkmlii active"
    data-tool="edit"
    onClick={[Function]}
  >
    <img
      className="css-1ewz7j9-Icon"
      src="https://deliverytestdata.blob.core.windows.net/deliverytest/pluma.svg"
    />
  </li>
  <li
    className="css-xkmlii"
    data-tool="measure"
    onClick={[Function]}
  >
    <img
      className="css-1ewz7j9-Icon"
      src="https://deliverytestdata.blob.core.windows.net/deliverytest/measure.svg"
    />
  </li>
</ul>
`;

exports[`Tools View selects another item and calls a ca 1`] = `
<ul
  className="css-106gbz6"
>
  <li
    className="css-xkmlii"
    data-tool="select"
    onClick={[Function]}
  >
    <img
      className="css-1ewz7j9-Icon"
      src="https://deliverytestdata.blob.core.windows.net/deliverytest/cursor.svg"
    />
  </li>
  <li
    className="css-xkmlii active"
    data-tool="edit"
    onClick={[Function]}
  >
    <img
      className="css-1ewz7j9-Icon"
      src="https://deliverytestdata.blob.core.windows.net/deliverytest/pluma.svg"
    />
  </li>
  <li
    className="css-xkmlii"
    data-tool="measure"
    onClick={[Function]}
  >
    <img
      className="css-1ewz7j9-Icon"
      src="https://deliverytestdata.blob.core.windows.net/deliverytest/measure.svg"
    />
  </li>
</ul>
`;

exports[`Tools View selects another item and calls a cal 1`] = `
<ul
  className="css-106gbz6"
>
  <li
    className="css-xkmlii"
    data-tool="select"
    onClick={[Function]}
  >
    <img
      className="css-1ewz7j9-Icon"
      src="https://deliverytestdata.blob.core.windows.net/deliverytest/cursor.svg"
    />
  </li>
  <li
    className="css-xkmlii active"
    data-tool="edit"
    onClick={[Function]}
  >
    <img
      className="css-1ewz7j9-Icon"
      src="https://deliverytestdata.blob.core.windows.net/deliverytest/pluma.svg"
    />
  </li>
  <li
    className="css-xkmlii"
    data-tool="measure"
    onClick={[Function]}
  >
    <img
      className="css-1ewz7j9-Icon"
      src="https://deliverytestdata.blob.core.windows.net/deliverytest/measure.svg"
    />
  </li>
</ul>
`;

exports[`Tools View selects another item and calls a callba 1`] = `
<ul
  className="css-106gbz6"
>
  <li
    className="css-xkmlii"
    data-tool="select"
    onClick={[Function]}
  >
    <img
      className="css-1ewz7j9-Icon"
      src="https://deliverytestdata.blob.core.windows.net/deliverytest/cursor.svg"
    />
  </li>
  <li
    className="css-xkmlii active"
    data-tool="edit"
    onClick={[Function]}
  >
    <img
      className="css-1ewz7j9-Icon"
      src="https://deliverytestdata.blob.core.windows.net/deliverytest/pluma.svg"
    />
  </li>
  <li
    className="css-xkmlii"
    data-tool="measure"
    onClick={[Function]}
  >
    <img
      className="css-1ewz7j9-Icon"
      src="https://deliverytestdata.blob.core.windows.net/deliverytest/measure.svg"
    />
  </li>
</ul>
`;

exports[`Tools View selects another item and calls a callback  1`] = `
<ul
  className="css-106gbz6"
>
  <li
    className="css-xkmlii"
    data-tool="select"
    onClick={[Function]}
  >
    <img
      className="css-1ewz7j9-Icon"
      src="https://deliverytestdata.blob.core.windows.net/deliverytest/cursor.svg"
    />
  </li>
  <li
    className="css-xkmlii active"
    data-tool="edit"
    onClick={[Function]}
  >
    <img
      className="css-1ewz7j9-Icon"
      src="https://deliverytestdata.blob.core.windows.net/deliverytest/pluma.svg"
    />
  </li>
  <li
    className="css-xkmlii"
    data-tool="measure"
    onClick={[Function]}
  >
    <img
      className="css-1ewz7j9-Icon"
      src="https://deliverytestdata.blob.core.windows.net/deliverytest/measure.svg"
    />
  </li>
</ul>
`;

exports[`Tools View selects another item and calls a callback f 1`] = `
<ul
  className="css-106gbz6"
>
  <li
    className="css-xkmlii"
    data-tool="select"
    onClick={[Function]}
  >
    <img
      className="css-1ewz7j9-Icon"
      src="https://deliverytestdata.blob.core.windows.net/deliverytest/cursor.svg"
    />
  </li>
  <li
    className="css-xkmlii active"
    data-tool="edit"
    onClick={[Function]}
  >
    <img
      className="css-1ewz7j9-Icon"
      src="https://deliverytestdata.blob.core.windows.net/deliverytest/pluma.svg"
    />
  </li>
  <li
    className="css-xkmlii"
    data-tool="measure"
    onClick={[Function]}
  >
    <img
      className="css-1ewz7j9-Icon"
      src="https://deliverytestdata.blob.core.windows.net/deliverytest/measure.svg"
    />
  </li>
</ul>
`;

exports[`Tools View selects another item and calls a callback fu 1`] = `
<ul
  className="css-106gbz6"
>
  <li
    className="css-xkmlii"
    data-tool="select"
    onClick={[Function]}
  >
    <img
      className="css-1ewz7j9-Icon"
      src="https://deliverytestdata.blob.core.windows.net/deliverytest/cursor.svg"
    />
  </li>
  <li
    className="css-xkmlii active"
    data-tool="edit"
    onClick={[Function]}
  >
    <img
      className="css-1ewz7j9-Icon"
      src="https://deliverytestdata.blob.core.windows.net/deliverytest/pluma.svg"
    />
  </li>
  <li
    className="css-xkmlii"
    data-tool="measure"
    onClick={[Function]}
  >
    <img
      className="css-1ewz7j9-Icon"
      src="https://deliverytestdata.blob.core.windows.net/deliverytest/measure.svg"
    />
  </li>
</ul>
`;

exports[`Tools View selects another item and calls a callback func 1`] = `
<ul
  className="css-106gbz6"
>
  <li
    className="css-xkmlii"
    data-tool="select"
    onClick={[Function]}
  >
    <img
      className="css-1ewz7j9-Icon"
      src="https://deliverytestdata.blob.core.windows.net/deliverytest/cursor.svg"
    />
  </li>
  <li
    className="css-xkmlii active"
    data-tool="edit"
    onClick={[Function]}
  >
    <img
      className="css-1ewz7j9-Icon"
      src="https://deliverytestdata.blob.core.windows.net/deliverytest/pluma.svg"
    />
  </li>
  <li
    className="css-xkmlii"
    data-tool="measure"
    onClick={[Function]}
  >
    <img
      className="css-1ewz7j9-Icon"
      src="https://deliverytestdata.blob.core.windows.net/deliverytest/measure.svg"
    />
  </li>
</ul>
`;

exports[`Tools View selects another item and calls a callback functio 1`] = `
<ul
  className="css-106gbz6"
>
  <li
    className="css-xkmlii"
    data-tool="select"
    onClick={[Function]}
  >
    <img
      className="css-1ewz7j9-Icon"
      src="https://deliverytestdata.blob.core.windows.net/deliverytest/cursor.svg"
    />
  </li>
  <li
    className="css-xkmlii active"
    data-tool="edit"
    onClick={[Function]}
  >
    <img
      className="css-1ewz7j9-Icon"
      src="https://deliverytestdata.blob.core.windows.net/deliverytest/pluma.svg"
    />
  </li>
  <li
    className="css-xkmlii"
    data-tool="measure"
    onClick={[Function]}
  >
    <img
      className="css-1ewz7j9-Icon"
      src="https://deliverytestdata.blob.core.windows.net/deliverytest/measure.svg"
    />
  </li>
</ul>
`;

exports[`Tools View selects another item and calls a callback function 1`] = `
<ul
  className="css-106gbz6"
>
  <li
    className="css-xkmlii"
    data-tool="select"
    onClick={[Function]}
  >
    <img
      className="css-1ewz7j9-Icon"
      src="https://deliverytestdata.blob.core.windows.net/deliverytest/cursor.svg"
    />
  </li>
  <li
    className="css-xkmlii active"
    data-tool="edit"
    onClick={[Function]}
  >
    <img
      className="css-1ewz7j9-Icon"
      src="https://deliverytestdata.blob.core.windows.net/deliverytest/pluma.svg"
    />
  </li>
  <li
    className="css-xkmlii"
    data-tool="measure"
    onClick={[Function]}
  >
    <img
      className="css-1ewz7j9-Icon"
      src="https://deliverytestdata.blob.core.windows.net/deliverytest/measure.svg"
    />
  </li>
</ul>
`;
