// Jest Snapshot v1, https://goo.gl/fbAQLP

exports[`Layer Tabs changes active tab by index 1`] = `
<div
  className="css-3nrvn2"
>
  <ul
    className="css-pwofpt"
  >
    <li
      className="css-47xbb6"
      data-tab={0}
      onClick={[Function]}
    >
      LAYERS
    </li>
    <li
      className="css-47xbb6 active"
      data-tab={1}
      onClick={[Function]}
    >
      INDICATORS
    </li>
  </ul>
</div>
`;

exports[`Layer Tabs renders default 1`] = `
<div
  className="css-3nrvn2"
>
  <ul
    className="css-pwofpt"
  >
    <li
      className="css-47xbb6 active"
      data-tab={0}
      onClick={[Function]}
    >
      LAYERS
    </li>
    <li
      className="css-47xbb6"
      data-tab={1}
      onClick={[Function]}
    >
      INDICATORS
    </li>
  </ul>
</div>
`;
